[2J[01;01H[=3h[2J[01;01H[2J[01;01H[=3h[2J[01;01H[2J[01;01H[=3h[2J[01;01HBdsDxe: loading Boot0001 "UEFI QEMU DVD-ROM QM00003 " from PciRoot(0x0)/Pci(0x1,0x1)/Ata(Secondary,Master,0x0)
BdsDxe: starting Boot0001 "UEFI QEMU DVD-ROM QM00003 " from PciRoot(0x0)/Pci(0x1,0x1)/Ata(Secondary,Master,0x0)
[01;01HW[01;02HA[01;03HR[01;04HN[01;05HI[01;06HN[01;07HG[01;08H:[01;09H [01;10HC[01;11Ho[01;12Hu[01;13Hl[01;14Hd[01;15H [01;16Hn[01;17Ho[01;18Ht[01;19H [01;20Hm[01;21He[01;22Ha[01;23Hn[01;24Hi[01;25Hn[01;26Hg[01;27Hf[01;28Hu[01;29Hl[01;30Hl[01;31Hy[01;32H [01;33Hm[01;34Ha[01;35Ht[01;36Hc[01;37Hh[01;38H [01;39Ht[01;40Hh[01;41He[01;42H [01;43Hb[01;44Ho[01;45Ho[01;46Ht[01;47H [01;48Hd[01;49He[01;50Hv[01;51Hi[01;52Hc[01;53He[01;54H [01;55Hh[01;56Ha[01;57Hn[01;58Hd[01;59Hl[01;60He[01;61H [01;62Hw[01;63Hi[01;64Ht[01;65Hh[01;66H [01;67Ha[01;68H [01;69Hv[01;70Ho[01;71Hl[01;72Hu[01;73Hm[01;74He[01;75H.[01;76H[01;01H[02;01H [02;02H [02;03H [02;04H [02;05H [02;06H [02;07H [02;08H [02;09H [02;10HU[02;11Hs[02;12Hi[02;13Hn[02;14Hg[02;15H [02;16Ht[02;17Hh[02;18He[02;19H [02;20Hf[02;21Hi[02;22Hr[02;23Hs[02;24Ht[02;25H [02;26Hv[02;27Ho[02;28Hl[02;29Hu[02;30Hm[02;31He[02;32H [02;33Hc[02;34Ho[02;35Hn[02;36Ht[02;37Ha[02;38Hi[02;39Hn[02;40Hi[02;41Hn[02;42Hg[02;43H [02;44Ha[02;45H [02;46HL[02;47Hi[02;48Hm[02;49Hi[02;50Hn[02;51He[02;52H [02;53Hc[02;54Ho[02;55Hn[02;56Hf[02;57Hi[02;58Hg[02;59Hu[02;60Hr[02;61Ha[02;62Ht[02;63Hi[02;64Ho[02;65Hn[02;66H![02;67H[02;01H[03;01H[03;01H[04;01HT[04;02HH[04;03HI[04;04HS[04;05H [04;06HI[04;07HS[04;08H [04;09HA[04;10H [04;11HB[04;12HU[04;13HG[04;14H![04;15H [04;16HP[04;17Hl[04;18He[04;19Ha[04;20Hs[04;21He[04;22H [04;23Hr[04;24He[04;25Hp[04;26Ho[04;27Hr[04;28Ht[04;29H [04;30Ht[04;31Hh[04;32Hi[04;33Hs[04;34H [04;35Hi[04;36Hs[04;37Hs[04;38Hu[04;39He[04;40H [04;41Hu[04;42Hp[04;43Hs[04;44Ht[04;45Hr[04;46He[04;47Ha[04;48Hm[04;49H.[04;50H[04;01H[05;01HP[05;02Hr[05;03He[05;04Hs[05;05Hs[05;06H [05;07Ha[05;08Hn[05;09Hy[05;10H [05;11Hk[05;12He[05;13Hy[05;14H [05;15Ht[05;16Ho[05;17H [05;18Hc[05;19Ho[05;20Hn[05;21Ht[05;22Hi[05;23Hn[05;24Hu[05;25He[05;26H.[05;27H.[05;28H.[05;29H[05;01H[06;01H[01;01HFractalOS bare-metal kernel 0.5.0 booting
VMM preview ready; preserving Limine CR3
FractalOS kernel online score=0x0000000000000266
Timer frequency=0x0000000000000064 ticks=0x0000000000000002
PMM total_regions=0x0000000000000020 usable_regions=0x0000000000000008 usable_bytes=0x000000001d10e000 free_frames=0x0000000000001ff8
VMM mapped_bytes=0x0000000080000000
Keyboard buffered=0x0000000000000000 last_scancode=0x0000000000000000
Syscall gate count=0x0000000000000001 last_id=0x0000000000000003
Syscall probe score=0x0000000000000266
Task model current=0x0000000000000001 count=0x0000000000000002 capacity=0x0000000000000010
Task probe count=0x0000000000000002
Userspace programs=0x0000000000000004 launches=0x0000000000000000 last_program=0x0000000000000000
Userspace probe count=0x0000000000000004
Regimes count=0x0000000000000005 current=0x0000000000000001
Regime probe current=0x0000000000000001
SemanticMemory classes=0x0000000000000005 promoted=0x0000000000000008
Semantic probe promoted=0x0000000000000008
Universe laws=0x0000000000000004 current=0x0000000000000002 field_force=0x0000000000000005
Universe probe current=0x0000000000000002
Illusion mode=0x0000000000000002 shadow_depth=0x0000000000000002 contradictions=0x0000000000000000
Illusion probe mode=0x0000000000000002
Foundry lines=0x0000000000000004 batches=0x0000000000000000
Foundry probe batches=0x0000000000000000
ProofState level=0x0000000000000002 promotions=0x0000000000000000
Proof probe level=0x0000000000000002
DesktopPlane layers=0x0000000000000005 overlay=0x0000000000000001 persistent=0x0000000000000004
Desktop probe layers=0x0000000000000005
ScientificFormula count=0x0000000000000008 activation=0x000000000000028b safety=0x0000000000000398
Formula probe count=0x0000000000000008
Console grid=0x0000000000000080x0x0000000000000040 chars=0x0000000000000113 shell_commands=0x0000000000000000
PMM sample frame=0x0000000002fd0000
Heap capacity=0x0000000000010000 used=0x0000000000003c60 reserved_frames=0x0000000000000008
Heap probe=0xffffffff80032810
Slab classes=0x0000000000000004 live_objects=0x0000000000000001
Slab probe=0xffffffff8002f010
FractalOS triple-kernel topology
 - Matter readiness=0x000000000000012c purpose=bare-metal CPU, memory, interrupts, devices
 - Mind readiness=0x0000000000000119 purpose=agent scheduling, formulas, proof gates, local intelligence
 - Mesh readiness=0x00000000000000d6 purpose=storage, distributed missions, service topology
 - bridge 0x0000000000000000<->0x0000000000000001 strength=0x0000000000000122
 - bridge 0x0000000000000001<->0x0000000000000002 strength=0x00000000000000f7
 - bridge 0x0000000000000002<->0x0000000000000000 strength=0x0000000000000101
TripleKernel score=0x000000000000031b
